19:36:27 INFO     Command started / Perintah dimulai  action=plan command=workflow
19:36:28 ERROR    Command failed / Perintah gagal  action=plan command=workflow reason_code=VALIDATION_ERROR status=ERROR
21:16:42 INFO     Command started / Perintah dimulai  action=execute command=task
21:16:42 SUCCESS  Command completed / Perintah selesai  action=execute command=task exit_code=0
21:16:46 INFO     Command started / Perintah dimulai  action=test command=model
21:16:46 ERROR    Command failed / Perintah gagal  action=test command=model reason_code=LLM_PROVIDER_EXECUTION_FAILED status=ERROR
21:17:05 INFO     Command started / Perintah dimulai  action=test command=model
21:17:12 SUCCESS  Command completed / Perintah selesai  action=test command=model exit_code=0
21:17:32 INFO     Command started / Perintah dimulai  action=execute command=task
21:17:36 ERROR    Command failed / Perintah gagal  action=execute command=task reason_code=LLM_PROVIDER_EXECUTION_FAILED status=ERROR
21:18:14 INFO     Command started / Perintah dimulai  action=execute command=task
21:18:19 ERROR    Command failed / Perintah gagal  action=execute command=task reason_code=LLM_PROVIDER_EXECUTION_FAILED status=ERROR
21:18:54 INFO     Command started / Perintah dimulai  action=execute command=task
21:18:54 SUCCESS  Command completed / Perintah selesai  action=execute command=task exit_code=0
21:18:59 INFO     Command started / Perintah dimulai  action=execute command=task
21:19:44 SUCCESS  Command completed / Perintah selesai  action=execute command=task exit_code=0
21:19:52 INFO     Command started / Perintah dimulai  action=submit command=task
21:19:52 ERROR    Command failed / Perintah gagal  action=submit command=task reason_code=QA_REVIEW_EVIDENCE_INCOMPLETE status=ERROR
21:20:32 INFO     Command started / Perintah dimulai  action=execute command=task
21:20:32 SUCCESS  Command completed / Perintah selesai  action=execute command=task exit_code=0
21:20:39 INFO     Command started / Perintah dimulai  action=execute command=task
21:21:31 SUCCESS  Command completed / Perintah selesai  action=execute command=task exit_code=0
21:21:37 INFO     Command started / Perintah dimulai  action=submit command=task
21:21:37 SUCCESS  Command completed / Perintah selesai  action=submit command=task exit_code=0
21:21:45 INFO     Command started / Perintah dimulai  action=continue command=task
21:21:45 SUCCESS  Command completed / Perintah selesai  action=continue command=task exit_code=0
21:22:43 INFO     Command started / Perintah dimulai  action=continue command=task
21:22:44 SUCCESS  Command completed / Perintah selesai  action=continue command=task exit_code=0
21:36:58 INFO     Command started / Perintah dimulai  action=continue command=task
21:36:58 SUCCESS  Command completed / Perintah selesai  action=continue command=task exit_code=0
21:36:59 INFO     Command started / Perintah dimulai  action=continue command=task
21:36:59 SUCCESS  Command completed / Perintah selesai  action=continue command=task exit_code=0
21:38:41 INFO     Command started / Perintah dimulai  action=continue command=task
21:38:41 SUCCESS  Command completed / Perintah selesai  action=continue command=task exit_code=0
21:38:42 INFO     Command started / Perintah dimulai  action=continue command=task
21:38:42 SUCCESS  Command completed / Perintah selesai  action=continue command=task exit_code=0
21:40:03 INFO     Command started / Perintah dimulai  action=continue command=task
21:40:03 SUCCESS  Command completed / Perintah selesai  action=continue command=task exit_code=0
21:40:04 INFO     Command started / Perintah dimulai  action=continue command=task
21:40:05 SUCCESS  Command completed / Perintah selesai  action=continue command=task exit_code=0
21:40:40 INFO     Command started / Perintah dimulai  action=continue command=task
21:40:40 SUCCESS  Command completed / Perintah selesai  action=continue command=task exit_code=0
21:40:41 INFO     Command started / Perintah dimulai  action=continue command=task
21:40:42 SUCCESS  Command completed / Perintah selesai  action=continue command=task exit_code=0
21:41:55 INFO     Command started / Perintah dimulai  action=continue command=task
21:41:55 SUCCESS  Command completed / Perintah selesai  action=continue command=task exit_code=0
21:41:56 INFO     Command started / Perintah dimulai  action=continue command=task
21:41:56 SUCCESS  Command completed / Perintah selesai  action=continue command=task exit_code=0
21:42:40 INFO     Command started / Perintah dimulai  action=continue command=task
21:42:40 SUCCESS  Command completed / Perintah selesai  action=continue command=task exit_code=0
21:43:27 INFO     Command started / Perintah dimulai  action=continue command=task
21:43:27 SUCCESS  Command completed / Perintah selesai  action=continue command=task exit_code=0
21:43:29 INFO     Command started / Perintah dimulai  action=continue command=task
21:43:29 SUCCESS  Command completed / Perintah selesai  action=continue command=task exit_code=0
